---
source: test/sample-data/tests/build.rs
expression: read_build_output(&buildindex)

---
{
  "version": "0.1.0",
  "compiled_resources": [],
  "compiled_resource_references": [],
  "pathid_mapping": [
    [
      "(0abe0694,202e3aa6-f158-4c77-890b-3f59b183b6bd)",
      "(0abe0694,202e3aa6-f158-4c77-890b-3f59b183b6bd)"
    ],
    [
      "(0abe0694,7483c534-fe2a-4f16-b655-e9afe39a93ba)",
      "(0abe0694,7483c534-fe2a-4f16-b655-e9afe39a93ba)"
    ],
    [
      "(0abe0694,db051b98-6ff5-4bac-bea8-50b5a13c3f1b)",
      "(0abe0694,db051b98-6ff5-4bac-bea8-50b5a13c3f1b)"
    ],
    [
      "(0cba171e,181f9358-000f-47db-9583-7c9448c3dba8)",
      "(0cba171e,181f9358-000f-47db-9583-7c9448c3dba8)"
    ],
    [
      "(0cba171e,4f595c8b-3b9a-41d6-9cf6-a7557dd2e8ee)",
      "(0cba171e,4f595c8b-3b9a-41d6-9cf6-a7557dd2e8ee)"
    ],
    [
      "(0cba171e,7d083d64-cbf9-4786-ae8b-44924b3e2035)",
      "(0cba171e,7d083d64-cbf9-4786-ae8b-44924b3e2035)"
    ],
    [
      "(0cba171e,7d0e930c-eb69-45c4-a695-fcb787f3700f)",
      "(0cba171e,7d0e930c-eb69-45c4-a695-fcb787f3700f)"
    ],
    [
      "(0cba171e,c6db12c5-47a6-407d-94da-b6853f36eb8a)",
      "(0cba171e,c6db12c5-47a6-407d-94da-b6853f36eb8a)"
    ],
    [
      "(0cba171e,ee30f104-3ef5-46e7-af16-4f085bd6f8e3)",
      "(0cba171e,ee30f104-3ef5-46e7-af16-4f085bd6f8e3)"
    ],
    [
      "(0f6f8b3a,d4027d6a-7610-537b-e269-82c5705ee3eb)",
      "(1793ed64,48909c46-ad4f-4d6b-a522-2e16e81ba082)|0f6f8b3a"
    ],
    [
      "(1793ed64,48909c46-ad4f-4d6b-a522-2e16e81ba082)",
      "(1793ed64,48909c46-ad4f-4d6b-a522-2e16e81ba082)"
    ],
    [
      "(30495fed,048916c3-41fd-5e41-97e7-d784656caafc)",
      "(0cba171e,ee30f104-3ef5-46e7-af16-4f085bd6f8e3)|30495fed"
    ],
    [
      "(30495fed,4404a88b-d85b-510d-aad9-3335ab5e6918)",
      "(0cba171e,7d083d64-cbf9-4786-ae8b-44924b3e2035)|30495fed"
    ],
    [
      "(30495fed,6076dbb1-ac7e-5b6a-93c7-5471018ead87)",
      "(0cba171e,181f9358-000f-47db-9583-7c9448c3dba8)|30495fed"
    ],
    [
      "(30495fed,725a6466-c957-558d-39e2-1ada826390d9)",
      "(0cba171e,7d0e930c-eb69-45c4-a695-fcb787f3700f)|30495fed"
    ],
    [
      "(30495fed,b89e071d-93dc-5309-c5fe-daca5daed240)",
      "(0cba171e,c6db12c5-47a6-407d-94da-b6853f36eb8a)|30495fed"
    ],
    [
      "(30495fed,e8acba9b-ca39-52aa-8e85-4fac3753f427)",
      "(0cba171e,4f595c8b-3b9a-41d6-9cf6-a7557dd2e8ee)|30495fed"
    ],
    [
      "(332b6ce8,d8fe06a0-1317-46f5-902b-266b0eae6fa8)",
      "(332b6ce8,d8fe06a0-1317-46f5-902b-266b0eae6fa8)"
    ],
    [
      "(35b5717e,a720bdd8-5557-578c-d329-94c523d184aa)",
      "(0abe0694,db051b98-6ff5-4bac-bea8-50b5a13c3f1b)|35b5717e"
    ],
    [
      "(35b5717e,b2cf57bc-5c70-5e99-2a77-870d507f6d37)",
      "(0abe0694,7483c534-fe2a-4f16-b655-e9afe39a93ba)|35b5717e"
    ],
    [
      "(35b5717e,ef522084-7723-5235-7041-a350bca4eeb2)",
      "(0abe0694,202e3aa6-f158-4c77-890b-3f59b183b6bd)|35b5717e"
    ],
    [
      "(84935d1f,4a701e8b-fce5-53d8-f930-e84573de4de1)",
      "(e2e9edca,7948dc8c-8bc6-4aaf-b3cf-0a21633edc44)|84935d1f"
    ],
    [
      "(97b0740f,270c28b5-6368-4a21-8ef1-a7d03f85abb3)",
      "(97b0740f,270c28b5-6368-4a21-8ef1-a7d03f85abb3)"
    ],
    [
      "(97b0740f,45d44b64-b97c-486d-a0d7-151974c28263)",
      "(97b0740f,45d44b64-b97c-486d-a0d7-151974c28263)"
    ],
    [
      "(97b0740f,5d6c8521-ef7f-4402-8fac-01c5c4f53329)",
      "(97b0740f,5d6c8521-ef7f-4402-8fac-01c5c4f53329)"
    ],
    [
      "(97b0740f,e07c7027-a823-47e5-b0dd-8871e27adfce)",
      "(97b0740f,e07c7027-a823-47e5-b0dd-8871e27adfce)"
    ],
    [
      "(aad89045,59f57b68-dcd4-5b88-7a96-b3549ec88017)",
      "(97b0740f,270c28b5-6368-4a21-8ef1-a7d03f85abb3)|aad89045"
    ],
    [
      "(aad89045,a20102b8-3d5d-5fee-64d2-5533d4ee17ee)",
      "(97b0740f,45d44b64-b97c-486d-a0d7-151974c28263)|aad89045"
    ],
    [
      "(aad89045,c3684560-a5f4-5cef-6120-29a6b99aa508)",
      "(97b0740f,e07c7027-a823-47e5-b0dd-8871e27adfce)|aad89045"
    ],
    [
      "(c23b950d,2c534db1-c74d-58b8-9be2-ff847663f2c5)",
      "(d8a1e0c2,8ee3dcef-1aa4-4772-ad9b-28066f06909e)|cf00bfee_albedo|c23b950d"
    ],
    [
      "(c23b950d,6ad7d706-e511-5eab-9479-4a06e2d51011)",
      "(d8a1e0c2,8ee3dcef-1aa4-4772-ad9b-28066f06909e)|cf00bfee_metalness|c23b950d"
    ],
    [
      "(c23b950d,9f56af10-04f3-5f30-21e7-2b1da7d63315)",
      "(d8a1e0c2,8ee3dcef-1aa4-4772-ad9b-28066f06909e)|cf00bfee_roughness|c23b950d"
    ],
    [
      "(c23b950d,e3639182-bdf9-5a4c-f9ba-346be42d5f4a)",
      "(d8a1e0c2,8ee3dcef-1aa4-4772-ad9b-28066f06909e)|cf00bfee_normal|c23b950d"
    ],
    [
      "(cf00bfee,2785d78f-113f-56b3-c76b-eb009d8e6d25)",
      "(d8a1e0c2,8ee3dcef-1aa4-4772-ad9b-28066f06909e)|cf00bfee_normal"
    ],
    [
      "(cf00bfee,4ee6e581-78ff-5d01-baf9-ce35d3713a65)",
      "(d8a1e0c2,8ee3dcef-1aa4-4772-ad9b-28066f06909e)|cf00bfee_albedo"
    ],
    [
      "(cf00bfee,8b47007c-c79a-50f5-c6f6-b31fab21e475)",
      "(d8a1e0c2,8ee3dcef-1aa4-4772-ad9b-28066f06909e)|cf00bfee_metalness"
    ],
    [
      "(cf00bfee,9d72e94a-e5fc-56e8-1c88-7cc7fcbaee91)",
      "(d8a1e0c2,8ee3dcef-1aa4-4772-ad9b-28066f06909e)|cf00bfee_roughness"
    ],
    [
      "(d8a1e0c2,8ee3dcef-1aa4-4772-ad9b-28066f06909e)",
      "(d8a1e0c2,8ee3dcef-1aa4-4772-ad9b-28066f06909e)"
    ],
    [
      "(e2e9edca,7948dc8c-8bc6-4aaf-b3cf-0a21633edc44)",
      "(e2e9edca,7948dc8c-8bc6-4aaf-b3cf-0a21633edc44)"
    ]
  ]
}
