---
source: test/sample-data/tests/build.rs
expression: manifest

---
{
  "compiled_resources": [
    {
      "path": "(d8a1e0c2,8ee3dcef-1aa4-4772-ad9b-28066f06909e)|cf00bfee",
      "checksum": "4d70dfa77db88377b8e0b6b3084d1d04",
      "size": 2719557
    },
    {
      "path": "(d8a1e0c2,8ee3dcef-1aa4-4772-ad9b-28066f06909e)|cf00bfee_metalness",
      "checksum": "b4ab2a245011cc6dfb4715ab3170bed4",
      "size": 2500668
    },
    {
      "path": "(d8a1e0c2,8ee3dcef-1aa4-4772-ad9b-28066f06909e)|cf00bfee_roughness",
      "checksum": "b4ab2a245011cc6dfb4715ab3170bed4",
      "size": 2500668
    },
    {
      "path": "(d8a1e0c2,8ee3dcef-1aa4-4772-ad9b-28066f06909e)|cf00bfee_albedo",
      "checksum": "b4ab2a245011cc6dfb4715ab3170bed4",
      "size": 2500668
    },
    {
      "path": "(d8a1e0c2,8ee3dcef-1aa4-4772-ad9b-28066f06909e)|cf00bfee_normal",
      "checksum": "b4ab2a245011cc6dfb4715ab3170bed4",
      "size": 2500668
    },
    {
      "path": "(d8a1e0c2,8ee3dcef-1aa4-4772-ad9b-28066f06909e)|cf00bfee_Ferris",
      "checksum": "67de78e36e31e35a85e85321288736dc",
      "size": 2500668
    },
    {
      "path": "(d8a1e0c2,8ee3dcef-1aa4-4772-ad9b-28066f06909e)|cf00bfee_Black Background",
      "checksum": "637bab25efdca633499b12f9521ef8b9",
      "size": 2500082
    },
    {
      "path": "(d8a1e0c2,8ee3dcef-1aa4-4772-ad9b-28066f06909e)|cf00bfee_roughness|c23b950d",
      "checksum": "9ef5376a1215cd259fc150756e3d4023",
      "size": 1000034
    },
    {
      "path": "(d8a1e0c2,8ee3dcef-1aa4-4772-ad9b-28066f06909e)|cf00bfee_normal|c23b950d",
      "checksum": "9ef5376a1215cd259fc150756e3d4023",
      "size": 1000034
    },
    {
      "path": "(d8a1e0c2,8ee3dcef-1aa4-4772-ad9b-28066f06909e)|cf00bfee_metalness|c23b950d",
      "checksum": "9ef5376a1215cd259fc150756e3d4023",
      "size": 1000034
    },
    {
      "path": "(d8a1e0c2,8ee3dcef-1aa4-4772-ad9b-28066f06909e)|cf00bfee_albedo|c23b950d",
      "checksum": "9ef5376a1215cd259fc150756e3d4023",
      "size": 1000034
    },
    {
      "path": "(1793ed64,48909c46-ad4f-4d6b-a522-2e16e81ba082)|0f6f8b3a",
      "checksum": "02f7de94a4613f06d19c4e7b013648f3",
      "size": 194
    },
    {
      "path": "(e2e9edca,7948dc8c-8bc6-4aaf-b3cf-0a21633edc44)|84935d1f",
      "checksum": "76eaadcdd199e98fbeacbe991f1c95ca",
      "size": 955
    },
    {
      "path": "(97b0740f,270c28b5-6368-4a21-8ef1-a7d03f85abb3)|aad89045",
      "checksum": "cbee86fd142e3572795077d5e634590f",
      "size": 184
    },
    {
      "path": "(0cba171e,c6db12c5-47a6-407d-94da-b6853f36eb8a)|30495fed",
      "checksum": "ea86dfd69709454558eb2efe2425afae",
      "size": 75
    },
    {
      "path": "(0cba171e,7d0e930c-eb69-45c4-a695-fcb787f3700f)|30495fed",
      "checksum": "ea86dfd69709454558eb2efe2425afae",
      "size": 75
    },
    {
      "path": "(97b0740f,45d44b64-b97c-486d-a0d7-151974c28263)|aad89045",
      "checksum": "461be477449f418e5dc09dabba5913e5",
      "size": 215
    },
    {
      "path": "(97b0740f,e07c7027-a823-47e5-b0dd-8871e27adfce)|aad89045",
      "checksum": "3588ad998f702a44a0ca83062ab1b957",
      "size": 266
    },
    {
      "path": "(0cba171e,ee30f104-3ef5-46e7-af16-4f085bd6f8e3)|30495fed",
      "checksum": "ea86dfd69709454558eb2efe2425afae",
      "size": 75
    },
    {
      "path": "(0cba171e,7d083d64-cbf9-4786-ae8b-44924b3e2035)|30495fed",
      "checksum": "ea86dfd69709454558eb2efe2425afae",
      "size": 75
    },
    {
      "path": "(0cba171e,4f595c8b-3b9a-41d6-9cf6-a7557dd2e8ee)|30495fed",
      "checksum": "ea86dfd69709454558eb2efe2425afae",
      "size": 75
    },
    {
      "path": "(0cba171e,181f9358-000f-47db-9583-7c9448c3dba8)|30495fed",
      "checksum": "9d8f2de7bb4657eef8679520f69bcbd9",
      "size": 75
    },
    {
      "path": "(0abe0694,db051b98-6ff5-4bac-bea8-50b5a13c3f1b)|35b5717e",
      "checksum": "cb039ec004856e590102af77dea5fe2b",
      "size": 98
    },
    {
      "path": "(0abe0694,7483c534-fe2a-4f16-b655-e9afe39a93ba)|35b5717e",
      "checksum": "17da4b89cc6cda16e13f6a536731995d",
      "size": 98
    },
    {
      "path": "(0abe0694,202e3aa6-f158-4c77-890b-3f59b183b6bd)|35b5717e",
      "checksum": "65472add7143df8d5498156c9993b0c7",
      "size": 98
    },
    {
      "path": "(97b0740f,5d6c8521-ef7f-4402-8fac-01c5c4f53329)|aad89045",
      "checksum": "8b7e711edb2326d434f787993beab14d",
      "size": 518
    }
  ]
}
